// Jest Snapshot v1, https://goo.gl/fbAQLP

exports[`includes should throw when target is null or undefined 1`] = `"Cannot call method on undefined"`;

exports[`includes should throw when target is null or undefined 2`] = `"Cannot call method on undefined"`;

exports[`includes should throw when target is null or undefined 3`] = `"Cannot call method on null"`;

exports[`includes throws a TypeError when given a regex 1`] = `"\\"includes\\" does not accept a RegExp"`;
