// Jest Snapshot v1, https://goo.gl/fbAQLP

exports[`includes 0 should throw when target is null or undefined 1`] = `"Cannot call method on undefined"`;

exports[`includes 0 should throw when target is null or undefined 2`] = `"Cannot call method on undefined"`;

exports[`includes 0 should throw when target is null or undefined 3`] = `"Cannot call method on null"`;

exports[`includes 0 throws a TypeError when given a regex 1`] = `"\\"includes\\" does not accept a RegExp"`;

exports[`includes 1 should throw when target is null or undefined 1`] = `"Cannot call method on undefined"`;

exports[`includes 1 should throw when target is null or undefined 2`] = `"Cannot call method on undefined"`;

exports[`includes 1 should throw when target is null or undefined 3`] = `"Cannot call method on null"`;

exports[`includes 1 throws a TypeError when given a regex 1`] = `"\\"includes\\" does not accept a RegExp"`;
